Content-Type: text/xhtml; charset=UTF-8

<!DOCTYPE html PUBLIC "-//W3C//DTD XHTML 1.0 Strict//EN"
          "http://www.w3.org/TR/xhtml1/DTD/xhtml1-strict.dtd">
<html>
    <head>
        <link rel="alternate" type="application/rss+xml" title="RSS" href="http://localhost/index.rss" />
        <title>My Weblog   
        </title>
    </head>
    <body>
        <h1>My Weblog</h1>
        <h2>  </h2>
        <h3>2007-11-11</h3>
        <h4><a name="2">Lorem ipsum II</a></h4>
        <div>
Lorem ipsum dolor sit amet ipso facto.Lorem ipsum dolor sit amet ipso
facto.Lorem ipsum dolor sit amet ipso facto. Lorem ipsum dolor sit
amet ipso facto.Lorem ipsum dolor sit amet ipso facto. 

Lorem ipso hoccer foer tyr wuz de ras cora dola tymon ipso hoc cer fuz
de ramas cora dola tymon ipso hoccer. Lorem ipso foer tyr wuz de ramas
cora dola tym ipso hor.
</div>
        <p>posted at: 11:11 | path: <a href="http://localhost/web">/web </a> | <a href="http://localhost/2007/11/11#2">permanent link to this entry</a></p>

    </body>
</html>
